
> contagem-de-culto@0.0.0 build
> vite build

[36mvite v6.4.1 [32mbuilding for production...[36m[39m
transforming...
[32mÔ£ô[39m 2409 modules transformed.
node.exe : [31mÔ£ù[39m 
Build failed in 14.26s
No linha:1 caractere:1
+ & "C:\Users\thiago.russo\
nodejs/node.exe" "C:\Users\
thiago.russo\node ...
+ ~~~~~~~~~~~~~~~~~~~~~~~~~
~~~~~~~~~~~~~~~~~~~~~~~~~~~
~~~~~~~~~~~~~~~~~
    + CategoryInfo         
     : NotSpecified: ([3  
  1mÔ£ù[39m Build faile   
 d in 14.26s:String) []    
, RemoteException
    + FullyQualifiedErrorI 
   d : NativeCommandError
 

PWA v1.2.0
mode      generateSW
precache  4 entries (2.39 KiB)
files generated
  dist/sw.js
  dist/workbox-8c29f6e4.js
[31merror during build:
[31mEPERM, Permission 
denied: \\?\D:\Contagem de 
Culto INA VLNT\dist\assets 
'\\?\D:\Contagem de Culto 
INA VLNT\dist\assets'[31m
    at Object.rmSync 
(node:fs:1235:18)
    at emptyDir (file:///D:
/Contagem%20de%20Culto%20IN
A%20VLNT/node_modules/vite/
dist/node/chunks/dep-D4NMHU
TW.js:6855:19)
    at prepareOutDir (file:
///D:/Contagem%20de%20Culto
%20INA%20VLNT/node_modules/
vite/dist/node/chunks/dep-D
4NMHUTW.js:46273:7)
    at buildEnvironment (fi
le:///D:/Contagem%20de%20Cu
lto%20INA%20VLNT/node_modul
es/vite/dist/node/chunks/de
p-D4NMHUTW.js:46237:7)
    at async 
Object.defaultBuildApp [as 
buildApp] (file:///D:/Conta
gem%20de%20Culto%20INA%20VL
NT/node_modules/vite/dist/n
ode/chunks/dep-D4NMHUTW.js:
46713:5)
    at async 
CAC.<anonymous> (file:///D:
/Contagem%20de%20Culto%20IN
A%20VLNT/node_modules/vite/
dist/node/cli.js:863:7)[39
m
